// Jest Snapshot v1, https://goo.gl/fbAQLP

exports[`App renders 1`] = `
<div
  className="app"
>
  <Settings />
  <div
    className="face"
    data-test="face"
    onClick={[Function]}
  >
    ðŸ™‚
  </div>
  <Field />
</div>
`;
